# Expected violations for function-length.lisp

9:0 function-length metrics
