# Expected violations for line-length.lisp
# Format: line:column rule-name severity

9:0 line-length info
11:0 line-length info
