# Expected violations for unused-variables.lisp
# Format: line:column rule-name severity

4:14 unused-variables warning
8:13 unused-variables warning
13:10 unused-loop-variables info
