(defpackage #:test-trailing-whitespace
  (:use #:cl))
(in-package #:test-trailing-whitespace)

(defun foo ()
  (+ 1 2))
